[Licensing::Module] Trying to connect to existing licensing client channel...
[Licensing::IpcConnector] Successfully connected to: "LicenseClient-aj200" at "2026-10-01T15:25:31.9382546Z"
Built from '6000.6/staging' branch; Version is '6000.6.4f1 (12bfff696524) revision 1228799'; Using compiler version '194234433'; Build Type 'Release'
OS: 'Windows 10  (10.0.19045) 64bit Professional' Language: 'en' Physical Memory: 65465 MB
BatchMode: 1, IsHumanControllingUs: 0, StartBugReporterOnCrash: 0, Is64bit: 1
System  architecture: x64
Process architecture: x64
Date: 2026-10-01T15:25:31Z

COMMAND LINE ARGUMENTS:
C:\Program Files\Unity\Hub\Editor\6000.6.4f1\Editor\Unity.exe
-adb2
-batchMode
-noUpm
-name
AssetImportWorkerHW1
-projectPath
C:/Users/aj200/Documents/GitHub/My-Projects/Completed Projects/Heart Simulations Main
-logFile
Logs/AssetImportWorkerHW1.log
-srvPort
47495
-parentPid
25328
-analyticsCloudUserId
4520222
-analyticsLocalProjectId
2c1a523004b0d974cb565fd8101e18e7
-editorAnalyticsEnabled
1
-cbmEditorLicense
f72f81f568c075364d42279bc730eaa7a73215a8
-cbmMachineId
YWz3ZyaX2jLTofhQi0Q7eLW2Y1Y=
-licensingIpc
LicenseClient-aj200
-noDiagnosticSwitchPersistentStore
-job-worker-count
3
-background-job-worker-count
8
-asset-garbage-collectors
1
-force-d3d12
-name
AssetImport
Successfully changed project path to: C:/Users/aj200/Documents/GitHub/My-Projects/Completed Projects/Heart Simulations Main
C:/Users/aj200/Documents/GitHub/My-Projects/Completed Projects/Heart Simulations Main
[UnityMemory] Configuration Parameters - Can be set up in boot.config
    "memorysetup-temp-allocator-size-gi-baking-worker=262144"
    "memorysetup-temp-allocator-size-gi-baking-worker=262144"
    "memorysetup-temp-allocator-size-gi-baking-worker=262144"
    "memorysetup-temp-allocator-size-gi-baking-worker=262144"
    "memorysetup-temp-allocator-size-gi-baking-worker=262144"
    "memorysetup-temp-allocator-size-nav-mesh-worker=65536"
    "memorysetup-temp-allocator-size-audio-worker=65536"
    "memorysetup-temp-allocator-size-cloud-worker=32768"
    "memorysetup-temp-allocator-size-gfx=262144"
    "memorysetup-remapper-allocator-initial-capacity=32768"
    "memorysetup-temp-allocator-size-preload-manager=33554432"
    "memorysetup-allocator-temp-initial-block-size-main=262144"
    "memorysetup-allocator-temp-initial-block-size-worker=262144"
    "memorysetup-temp-allocator-size-job-worker=262144"
    "memorysetup-temp-allocator-size-background-worker=32768"
    "memorysetup-bucket-allocator-granularity=16"
    "memorysetup-bucket-allocator-bucket-count=8"
    "memorysetup-bucket-allocator-block-size=33554432"
    "memorysetup-bucket-allocator-block-count=8"
    "memorysetup-main-allocator-block-size=16777216"
    "memorysetup-thread-allocator-block-size=16777216"
    "memorysetup-main-allocator-mimalloc-enabled=1"
    "memorysetup-gfx-main-allocator-block-size=16777216"
    "memorysetup-gfx-thread-allocator-block-size=16777216"
    "memorysetup-cache-allocator-block-size=4194304"
    "memorysetup-typetree-allocator-block-size=2097152"
    "memorysetup-profiler-bucket-allocator-granularity=16"
    "memorysetup-profiler-bucket-allocator-bucket-count=8"
    "memorysetup-profiler-bucket-allocator-block-size=33554432"
    "memorysetup-profiler-bucket-allocator-block-count=8"
    "memorysetup-profiler-allocator-block-size=16777216"
    "memorysetup-profiler-editor-allocator-block-size=1048576"
    "memorysetup-temp-allocator-size-main=16777216"
    "memorysetup-job-temp-allocator-block-size=2097152"
    "memorysetup-job-temp-allocator-block-size-background=1048576"
    "memorysetup-job-temp-allocator-reduction-small-platforms=262144"
Player connection [33084]  Target information:

Player connection [33084]  * "[IP] 192.168.1.10 [Port] 0 [Flags] 2 [Guid] 5497275 [EditorId] 5497275 [Version] 1048832 [Id] WindowsEditor(7,ANDREY-PC) [Debug] 1 [PackageName] WindowsEditor [ProjectName] Editor" 

Player connection [33084]  * "[IP] 25.3.118.3 [Port] 0 [Flags] 2 [Guid] 5497275 [EditorId] 5497275 [Version] 1048832 [Id] WindowsEditor(7,ANDREY-PC) [Debug] 1 [PackageName] WindowsEditor [ProjectName] Editor" 

Player connection [33084]  * "[IP] 169.254.151.28 [Port] 0 [Flags] 2 [Guid] 5497275 [EditorId] 5497275 [Version] 1048832 [Id] WindowsEditor(7,ANDREY-PC) [Debug] 1 [PackageName] WindowsEditor [ProjectName] Editor" 

Player connection [33084]  * "[IP] 192.168.208.1 [Port] 0 [Flags] 2 [Guid] 5497275 [EditorId] 5497275 [Version] 1048832 [Id] WindowsEditor(7,ANDREY-PC) [Debug] 1 [PackageName] WindowsEditor [ProjectName] Editor" 

Player connection [33084]  * "[IP] 169.254.83.107 [Port] 0 [Flags] 2 [Guid] 5497275 [EditorId] 5497275 [Version] 1048832 [Id] WindowsEditor(7,ANDREY-PC) [Debug] 1 [PackageName] WindowsEditor [ProjectName] Editor" 

Player connection [33084] Host joined multi-casting on [225.0.0.222:54997]...
Player connection [33084] Host joined alternative multi-casting on [225.0.0.222:34997]...
JobSystem: Creating JobQueue using job-worker-count value 3
Input System module state changed to: Initialized.
[Physics::Module] Initialized fallback backend.
[Physics::Module] Id: 0xdecafbad
Library Redirect Path: Library/
Initialising UDS system complete:
  - System type: Client
  - Resource namespace: 2a654650c90e2b237d929828e1a64be9
  - Shared memory size: 1073741824
  - Command buffer id: 1052576
  - Command buffer size: 8192
  - Hashmap size: 4194304
  - Service connected: true
  - Service working directory: Library/DataStore/
Refreshing native plugins compatible for Editor in 2.90 ms, found 3 plugins.
[Physics::Module] Selected backend (deferred post-plugins).
[Physics::Module] Name: PhysX
[Physics::Module] Id: 0xf2b8ea05
[Physics::Module] SDK Version: 4.1.2
[Physics::Module] Integration Version: 1.0.0
[Physics::Module] Threading Mode: Multi-Threaded
Initialize engine version: 6000.6.4f1 (12bfff696524)
[EntityIdStore] init: VM path (explicit commit), pageSize=4096, blockCount=1048576, entitiesPerBlock=256, slots reserved=4294967296 bytes
[Subsystems] Discovering subsystems at path C:/Program Files/Unity/Hub/Editor/6000.6.4f1/Editor/Data/Resources/UnitySubsystems
[Subsystems] Discovering subsystems at path C:/Users/aj200/Documents/GitHub/My-Projects/Completed Projects/Heart Simulations Main/Assets
Forcing GfxDevice: Direct3D 12
GfxDevice: creating device client; kGfxThreadingModeNonThreaded
d3d12: failed to query info queue interface (0x80004002).
Direct3D:
    Version:         Direct3D 12 [level 12.2]
    Renderer:        NVIDIA GeForce RTX 3080 (ID=0x2216)
    Vendor:          NVIDIA
    VRAM:            10053 MB
    App VRAM Budget: 9285 MB
    Driver:          32.0.16.1714
Initialize mono
Mono path[0] = 'C:/Program Files/Unity/Hub/Editor/6000.6.4f1/Editor/Data/Managed'
Mono path[1] = 'C:/Program Files/Unity/Hub/Editor/6000.6.4f1/Editor/Data/BCLExtensions/runtime/netstandard2.1'
Mono path[2] = 'C:/Program Files/Unity/Hub/Editor/6000.6.4f1/Editor/Data/MonoBleedingEdge/lib/mono/unityjit-win32'
Mono config path = 'C:/Program Files/Unity/Hub/Editor/6000.6.4f1/Editor/Data/MonoBleedingEdge/etc'
Using monoOptions --debugger-agent=transport=dt_socket,embedding=1,server=y,suspend=n,address=127.0.0.1:56120
CodeReloadManager initialized
Begin MonoManager ReloadAssembly
Registering precompiled unity dll's ...
Register platform support module: C:/Program Files/Unity/Hub/Editor/6000.6.4f1/Editor/Data/PlaybackEngines/WindowsStandaloneSupport/UnityEditor.WindowsStandalone.Extensions.dll
Registered in 0.003393 seconds.
[Licensing::Client] Error: HandshakeResponse reported an error:
	ResponseCode: 505
	ResponseStatus: Unsupported protocol version '1.18.3'.
[Licensing::Module] Error: Failed to handshake to channel: "LicenseClient-aj200"
[Licensing::IpcConnector] LicenseClient-aj200 channel disconnected successfully.
[Licensing::IpcConnector] Successfully connected to: "LicenseClient-aj200-6000.6.4" at "2026-10-01T15:25:33.5384776Z"
[Licensing::Client] Code 10 while verifying Licensing Client signature (process Id: 32744, path: "C:/Program Files/Unity/Hub/Editor/6000.6.4f1/Editor/Data/Resources/Licensing/Client/Unity.Licensing.Client.exe")
[Licensing::Module] LicensingClient has failed validation; ignoring
[Licensing::Client] Handshaking with LicensingClient:
  Version:                 1.18.3+d7ffd15
  Session Id:              dca80d3161b549ab99dea7ee9eac99b4
  Correlation Id:          ef5f12bbf7e4fe0188f30e453f575f3a
  External correlation Id: 204576409544476702
  Machine Id:              YWz3ZyaX2jLTofhQi0Q7eLW2Y1Y=
[Licensing::Module] Successfully connected to LicensingClient on channel: "LicenseClient-aj200-6000.6.4" (connect: 0.00s, validation: 0.00s, handshake: 0.01s)
[Licensing::IpcConnector] Successfully connected to: "LicenseClient-aj200-6000.6.4-notifications" at "2026-10-01T15:25:33.5488418Z"
[Licensing::Module] Licensing Background thread has ended after 1.61s
Native extension for WindowsStandalone target not found
Package Manager log level set to [2]
[Package Manager] Failed to launch server process. Reason: Unity was launched with the -noUpm command-line argument
[Package Manager] Unable to send message (not connected to server process).
[Package Manager] Cannot connect to Unity Package Manager local server
ScheduleIndexationOnStartup MainProcess:False IndexOnStartup:True
Scripting: successfully reloaded assembly
- Finished resetting the current domain, in  0.892 seconds
Domain Reload Profiling: 1869ms
	BeginReloadAssembly (296ms)
	RebuildCommonClasses (12ms)
	RebuildNativeTypeToScriptingClass (45ms)
	initialDomainReloadingComplete (127ms)
	LoadAllAssembliesAndSetupDomain (496ms)
		LoadAssemblies (265ms)
		TypeCache.Refresh (349ms)
			TypeCache.ScanAssembly (327ms)
		AnalyzeDomain (1ms)
	FinalizeReload (893ms)
		SetupLoadedEditorAssemblies (0ms)
			InitializePlatformSupportModulesInManaged (3ms)
			BeforeProcessingInitializeOnLoad (268ms)
			ProcessInitializeOnLoadAttributes (168ms)
			ProcessInitializeOnLoadMethodAttributes (320ms)
Initializing Unity extensions:
[Licensing::Client] Successfully resolved entitlement details
[Licensing::Module] License group:
  Id: 4520222-UnityPersXXXX
  Product: Unity Personal
  Type: Assigned
  Expiration: Unlimited
========================================================================
Worker process is ready to serve import requests
Import Worker Mode flag is 0x00
Begin MonoManager ReloadAssembly
Native extension for WindowsStandalone target not found
[Package Manager] Failed to launch server process. Reason: Unity was launched with the -noUpm command-line argument
[Package Manager] Unable to send message (not connected to server process).
[Package Manager] Cannot connect to Unity Package Manager local server
[Package Manager] Failed to launch server process. Reason: Unity was launched with the -noUpm command-line argument
[Package Manager] Unable to send message (not connected to server process).
[Package Manager] Cannot connect to Unity Package Manager local server
ScheduleIndexationOnStartup MainProcess:False IndexOnStartup:True
Scripting: successfully reloaded assembly
- Finished resetting the current domain, in  0.672 seconds
Domain Reload Profiling: 1563ms
	BeginReloadAssembly (308ms)
		DisableScriptedObjects (15ms)
		CreateAndSetChildDomain (44ms)
	RebuildCommonClasses (11ms)
	RebuildNativeTypeToScriptingClass (22ms)
	initialDomainReloadingComplete (72ms)
	LoadAllAssembliesAndSetupDomain (478ms)
		LoadAssemblies (358ms)
		TypeCache.Refresh (102ms)
			TypeCache.ScanAssembly (89ms)
		AnalyzeDomain (32ms)
			BuildScriptInfoCaches (28ms)
	FinalizeReload (673ms)
		SetupLoadedEditorAssemblies (0ms)
			BeforeProcessingInitializeOnLoad (125ms)
			ProcessInitializeOnLoadAttributes (242ms)
			ProcessInitializeOnLoadMethodAttributes (51ms)
			AfterProcessingInitializeOnLoad (12ms)
		AwakeInstancesAfterBackupRestoration (14ms)
AcceleratorClientConnectionCallback - disconnected - :0
Launched and connected shader compiler UnityShaderCompiler.exe after 0.01 seconds
Unloading 0 Unused Serialized files (Serialized files now loaded: 0)
Unloading 2224 unused Assets / (90.7 KB). Loaded Objects now: 2907.
Memory consumption went from 224.0 MB to 223.9 MB.
Total: 6.534300 ms (FindLiveObjects: 0.465400 ms CreateObjectMapping: 0.174600 ms MarkObjects: 5.127100 ms  DeleteObjects: 0.591900 ms)

Editor requested this worker to shutdown with reason: Editor is closing down
AcceleratorClientConnectionCallback - disconnected - :0
AssetImportWorker is now disconnected from the server
Process exiting
Curl error 42: Callback aborted
Curl error 42: Callback aborted
[ExitDontLaunchBugReporter] Exiting without the bug reporter. Application will exit with return code 0
